// license:BSD-3-Clause
// copyright-holders:MAME Development Team
/*******************************************************************************

    arcade.lst - ARCADE-ONLY BUILD

    Stripped MAME for Android: arcade games only
    - No computers, consoles, terminals
    - No mechanical games (pinball, crane games)
    - Playable games only

*******************************************************************************/

@source:adp/
adp
manohman
servicetastatur
stella8085
stellafr

@source:alliedleisure/
ace
aleisttl
aztarac
clayshoo
killcom
trvquest

@source:alpha/
alpha68k
alpha68k_i
alpha68k_n
alpha68k_v
champbas
equites
meijinsn
shougi
splendor

@source:amiga/
alg
arsystems
cubo
mquake
upscope

@source:astrocorp/
astrcorp
astropc
hummer

@source:atari/
akkaarrh
arcadecl
asteroid
asteroid_a
asteroid_m
atarifb
atarifb_a
atarifb_m
atarifb_v
atarig1
atarig1_v
atarig42
atarig42_v
atarigt
atarigt_v
atarigx2
atarigx2_v
atarisy1
atarisy1_v
atarisy2
atarisy2_v
atarisy4
atarittl
atetris
avalnche
avalnche_a
badlands
badlands_m
badlands_ms
badlands_v
badlandsbl
bartop52
batman
beathead
blstroid
boxer
bsktball
bsktball_a
bsktball_m
bsktball_v
bwidow
bwidow_a
bzone
bzone_a
canyon
canyon_a
cball
ccastles
centiped
centiped_v
cloak
cloud9
cmmb
cops
copsnrob
copsnrob_a
cyberbal
cybstorm
destroyr
dragrace
dragrace_a
eprom
firefox
firetrk
firetrk_a
flyball
foodf
gauntlet
gumrally
harddriv
harddriv_a
harddriv_m
harddriv_v
hitparade
irobot
irobot_m
irobot_v
jedi
klax
liberatr
marblmd2
maxaflex
mediagx
metalmx
mgolf
mhavoc
missile
nitedrvr
nitedrvr_a
offtwall
orbit
orbit_a
pong
poolshrk
poolshrk_a
quantum
quizshow
rampart
relief
runaway
sbrkout
shuuz
skullxbo
skydiver
skydiver_a
skyraid
skyraid_a
sprint2
sprint2_a
sprint4
sprint4_a
sprint8
sprint8_a
starshp1
starshp1_a
starwars
starwars_m
subs
subs_a
tank8
tank8_a
tempest
thunderj
tomcat
toobin
tourtabl
triplhnt
triplhnt_a
tunhunt
ultratnk
videopin
videopin_a
vindictr
wolfpack
xybots

@source:atlus/
bowltry
cave
cave_v
ohmygod
patapata
pitchtry
rallypnt

@source:bordun/
att
skylncr

@source:capcom/
1942
1942_v
1943
1943_v
alien
bionicc
blktiger
blktiger_ms
cbasebal
chakumelo
commando
cps1bl_5205
cps1bl_pic
cps2
cps3
cps3_a
egghunt
exedexes
fcrash
gng
gunsmoke
higemaru
instantm
kenseim
lastduel
lastduel_ms
lwings
mitchell
miteshin
psrockman
sf
sidearms
sidearms_v
sonson
srumbler
supduck
tigeroad
tigeroad_m
tigeroad_spr
tigeroad_v
tvcapcom
vulgus

@source:cave/
cavepc
cv1k
cv1k_v
cv1k_v_blit0
cv1k_v_blit1
cv1k_v_blit2
cv1k_v_blit3
cv1k_v_blit4
cv1k_v_blit5
cv1k_v_blit6
cv1k_v_blit7
cv1k_v_blit8
fstgfish

@source:ces/
cesclass
galgames

@source:cinematronics/
cchasm
cinemat
cinemat_a
cinemat_v
dlair
dlair2
embargo
jack
leland
leland_a
leland_m
leland_v

@source:cirsa/
cirsa2080606
cirsa910510
miniguay
missbamby
neptunp2

@source:comad/
funybubl
galspnbl
zerozone

@source:dataeast/
actfancr
astrof
astrof_a
backfire
battlera
boogwing
brkthru
btime
bwing
cbuster
chanbara
cninja
cninja_v
cntsteer
compgolf
darkseal
dassault
dblewing
dec0
dec0_m
dec0_v
dec8
dec8_v
deco156
deco156_m
deco32
deco32_v
deco_ld
deco_mlc
deco_mlc_v
decocass
decocass_m
decocass_tape
decocass_v
deshoros
dietgo
dreambal
exprraid
ffantasy_ms
firetrap
funkyjet
karnov
kchamp
kchamp_v
kingobox
lemmings
liberate
liberate_v
madalien
madalien_a
madalien_v
madmotor
metlclsh
mirage
pcktgal
pktgaldx
progolf
rohga
shootout
sidepckt
simpl156
sshangha
stadhero
supbtime
thedeep
tryout
tumbleb
vaportra

@source:ddr/
polyplay
polyplay_a
polyplay_v

@source:dooyong/
dooyong
dooyong_tilemap
gundealr

@source:dynax/
ddenlovr
dynax
dynax_blitter_rev2
dynax_v
hnayayoi
realbrk
realbrk_v
royalmah

@source:edevices/
diverboy
fantland
mwarr
ppmast93
pzletime
stlforce
twins

@source:efo/
cedar_magnet
cedar_magnet_flop
cedar_magnet_plane
cedar_magnet_sprite
cidelsa
cidelsa_v
nightmare

@source:eolith/
eolith
eolith16
eolith_speedup
ghosteo
vegaeo

@source:excellent/
aquarium
d9final
dblcrown
es8906
es9501
gcpinbal
lastbank
witch

@source:exidy/
carpolo
carpolo_m
carpolo_v
circus
circus_a
circus_v
exidy
exidy440
exidy440_a
exidy440_v
exidyttl
starfire
starfire_v
vertigo
vertigo_m
vertigo_v
victory
victory_v

@source:f32/
crospang
f32
silvmil

@source:fuuki/
fuukifg2
fuukifg3

@source:gaelco/
atvtrack
bigkarnk_ms
blmbycar
futbol3
gaelco
gaelco2
gaelco2_m
gaelco2_v
gaelco3d
gaelco3d_m
gaelco3d_v
gaelco_ds5002fp
gaelco_v
gaelco_wrally_sprites
gaelcopc
glass
goldart
mastboy
mastboyo
mastboyo_ms
rollext
splash
splash_ms
splash_v
targeth
thoop2
wrally
wrally_ms
xorworld
xorworld_ms

@source:galaxian/
119
dambustr
fastfred
fastfred_v
galaxian
galaxian_a
galaxian_rockclim
galaxian_v
galaxold
galaxold_m
galaxold_v
scobra
scramble
scramble_a
scramble_m

@source:gametron/
gatron
gotya
sbugger

@source:gottlieb/
exterm
gottlieb

@source:huangyeh/
hy268a
hy9802

@source:ice/
calchase
chexx
cutrope
fcourtfev
frenzyxprss
ice_hhhippos
ice_tbd
lethalj
skimaxx
vp101

@source:igs/
5clown
cabaret
dunhuang
goldstar
igs009
igs011
igs017
igs017_igs031
igs_68k_023vid
igs_fear
igs_m027
igs_m027_023vid
igs_m027_033vid
igs_m027_link
igs_m027xa
igs_m036
igspc
iqblock
jackie
lordgun
lordgun_v
pgm
pgm2
pgm2_v
pgm3

@source:igt/
drw80pkr
fortune1
gkigt
peplus
splus

@source:irem/
m10
m102
m107
m14
m52
m57
m58
m62
m62_bkungfu
m62_v
m63
m72
m72_a
m72_v
m78
m80
m90
m90_v
m92
m92_v
olibochu
redalert
redalert_a
redalert_v
spartanxtec
travrusa
vigilant

@source:itech/
capbowl
iteagle
iteagle_fpga
itech32
itech32_v
itech8
itech8_m
itech8_v

@source:jaleco/
acommand
aeroboto
argus
argus_v
armchamp
bestleag
bigstrkb
blueprnt
bnstars
cischeat
cischeat_v
citycon
dday
exerion
fcombat
ginganin
homerun
jalmah
megasys1
megasys1_v
momoko
ms32
ms32_sprite
ms32_v
psychic5
pturn
skyfox
tetrisp2
tetrisp2_v

@source:jpm/
guab
jpmimpct
jpmimpct_v
jpmimpctsw
jpmmps
jpms80
jpmsru
jpmsys5
jpmsys5sw
jpmsys7
pluto5
pluto6

@source:kaneko/
airbustr
djboy
expro02
galpani2
galpani2_v
galpani3
galpanic
galpanic_ms
hvyunit
jchan
kaneko16
kaneko16_v
sandscrp
snowbros
snowbros_v
suprnova
suprnova_v

@source:konami/
88games
ajax
aliens
asterix
battlnts
bishi
bladestl
blockhl
bottom9
chqflag
circusc
cobra
combatsc
combatsc_v
contra
cougar
crimfght
dbz
ddribble
divebomb
djmain
fastlane
finalizr
firebeat
flkatck
gberet
giclassic
gijoe
goldenregion
gradius3
gryzor_ms
gticlub
gyruss
hcastle
hexion
hornet
hyperspt
ironhors
jackal
jailbrek
junofrst
konamigq
konamigs
konamigv
konamigx
konamigx_m
konamigx_v
konblands
konendev
kongs470
konmedal
konmedal020
konmedal68k
konmedalppc
kpontoon
kpython
kpython2
ksys573
labyrunr
lethal
mainevt
megazone
mikie
mogura
moo
mystwarr
mystwarr_v
nemesis
nemesis_v
nwktr
otomedius
overdriv
pandoras
parodius
pingpong
piratesh
plygonet
pooyan
qdrmfgp
quickpick5
rockrage
rocnrope
rollerg
rungun
sbasketb
shaolins
simpsons
spy
stingnet
surpratk
tasman
tgtpanic
thunderx
timeplt
tmnt
tmnt2
tp84
trackfld
trackfld_a
tutankhm
tutankhm_v
twin16
twin16_v
twinkle
ultraman
ultrsprt
vendetta
viper
wecleman
wecleman_v
xexex
xmen
yiear
zr107

@source:matic/
barata

@source:meadows/
lazercmd
meadows
meadwttl

@source:merit/
merit
merit3xx
meritm
merits
mgames
pubtimed

@source:metro/
hyprduel
metro
metro_v
rabbit
tmmjprd

@source:midcoin/
24cdjuke
wallc
wink

@source:midw8080/
8080bw
8080bw_a
8080bw_v
mw8080bw
mw8080bw_a
mw8080bw_v
rotaryf

@source:midway/
astrocde
astrocde_v
atlantis
balsente
balsente_m
balsente_v
gridlee
gridlee_a
gridlee_v
mcr
mcr3
mcr3_v
mcr68
mcr_m
mcr_v
midqslvr
midtunit
midtunit_m
midtunit_v
midvunit
midvunit_v
midwayttl
midwunit
midwunit_m
midxunit
midyunit
midyunit_m
midyunit_v
midzeus
midzeus_v
mw18w
mwsub
omegrace
pinball2k
seattle
spyhuntertec
starrider
tmaster
vegas
williams
williams_m
williams_v
wmg
zwackery

@source:misc/
39in1
4enlinea
4enraya
a1supply
aces1
acesp
age_candy
alinvade
amaticmg
amerihok
amspdwy
amstarz80
amusco
amuzy
anes
arachnid
artmagic
artmagic_v
astrafr
atronic
attckufo
avt
babysuprem
bailey
banpresto_bpsc68000
beaminv
beezer
blitz68k
blocktax
boramz80
brglitz
buster
calomega
calomega_v
carrera
castle
cb2001
chamrx1
chance32
changyu
chicago
chsuper
cleartone
clowndwn
cocoloco
coinmstr
coinmvga
cointek
comebaby
compucranes
coolpool
corona
cosmos_playc8f
cowtipping
crazybal
crospuzl
crystal
cubeqst
cupidon
cvs
cwheel
cybertnk
daryde
dcheese
dcheese_v
ddz
dgpix
diamondking
discoboy
dmainevent
dominob
dorachan
drdmania
dreamwld
dwarfd
dynadice
dynamoah
ecoinf1
ecoinf2
ecoinf3
ecoinfr
efdt
electra
enigma2
epos
esd16
esh
esripsys
esripsys_v
ettrivia
extrema
falgas_m89
fastinvaders
fireball
flower
flower_a
fortecar
freekick
freeway
fresh
funeball
fungames
funkball
galaxi
galgame
gambl186
gameace
gamemasters
gammagic
gi6809
globalfr
globalvr
gluck2
gms
goldngam
goldnpkr
good
gotcha
gsspade
gumbo
gunpey
haiwei
hapyfish
hazelgr
hideseek
highvdeo
hobbyplay
homedata
homedata_v
hotblock
hotchili
hotstuff
houseball
interflip8035
intrscti
island
istellar
itgambl2
itgambl3
itgamble
jackhouse
jackpool
jokrwild
joystand
jubilee
jungleyo
kas89
katosmedz80
kingpin
ladyfrog
ladyfrog_v
laserbas
laz_aftrshok
laz_ribrac
lependu
limenko
luckybal
magic10
magicfly
magictg
magreel
magtouch
majorpkr
malzak
malzak_v
marywu
matrix
mcatadv
megaphx
megaturbo
menghong
meyc8080
meyc8088
mgavegas
micro3d
micro3d_a
micro3d_m
micro3d_v
microdar
mil4000
miniboy7
mirax
mirderby
mjsenpu
mosaic
mpu12wbk
multfish
multfish_boot
murogem
murogmbl
musclem
ncarrera
neomania
neoprint
news
nexus3d
nibble
norautp
notechan
nsg6809
odyssey
oneshot
opercoin
pachifev
paracaidista
pasha2
pass
photon
photon2
piggypas
pipeline
pkscram
playcenter
plsonic4
pntnpuzl
pntnpuzls
policetr
policetr_v
potgoldu
proconn
ps_m3
psattack
pse
quizo
quizpun2
rawthrillspc
rcorsair
re900
rgum
roul
rulechan
sanremmg
sanremo
savquest
sfbonus
shangkid
shangkid_v
silverball
skeetsht
skyarmy
sliver
smd2144c
smotor
smsmcorp
spcforce
spdamjes
spool99
sshanghai
startouch
statriv2
stop
strkzn
sttechno
stuntair
summit
sumt8035
tapatune
taxidriv
teamjocs
tecnodar
thayers
tickee
timelimt
tomsadvs
toratora
triviaquiz
trivrus
truco
trucocl
truesys
trvmadns
ttchamp
tugboat
tvg01
twinbskt
unkgolf
unktop
usbilliards
usgames
v0bowl
vamphalf
vampire
vcombat
vlc
vlc34010
voyager
vroulet
whtm68k
wildpkr
wms
xtom3d
xtom3d_piu10
xyonix
yuvomz80

@source:modelracing/
dribling
sshot
subhuntr

@source:namco/
20pacgal
20pacgal_v
30test
baraduke
cgang
cswat
dangbar
dkmb
ds5000
funcube
funcube_touchscreen
gal3
galaga
galaga_a
galaga_v
gaplus
gaplus_m
gaplus_v
kungfur
mappy
mappy_v
namcoeva
namcofl
namcona1
namcona1_v
namconb1
namconb1_v
namcond1
namcops2
namcos1
namcos10
namcos10_exio
namcos11
namcos12
namcos12_cdxa
namcos14x
namcos1_m
namcos1_sprite
namcos1_v
namcos1b
namcos2
namcos21
namcos21_3d
namcos21_c67
namcos21_de
namcos21_dsp
namcos21_dsp_c67
namcos22
namcos22_v
namcos23
namcos2_m
namcos2_roz
namcos2_sprite
namcos2_v
namcos6
namcos86
namcos86_v
pacland
polepos
polepos_a
polepos_v
quickncrash
rallyx
rallyx_v
rbowlorama
sg_vga
shootaway2
skykid
sweetland
sweetland4
tankbatt
tceptor
tceptor_v
toypop
turrett
turrett_a
turrett_v
wacky_gator
warpwarp
warpwarp_a
warpwarp_v

@source:neogeo/
midas
neopcb

@source:nichibutsu/
armedf
armedf_v
cclimber
clshroad
cop01
dacholer
galivan
gomoku
gomoku_a
hrdvd
hyhoo
jangou
magmax
nbmj8688
nbmj8688_v
nbmj8891
nbmj8891_v
nbmj8900
nbmj8900_v
nbmj8991
nbmj8991_v
nbmj9195
nbmj9195_v
nichild
nightgal
nyanpai
nyanpai_v
pastelg
seicross
shettle
terracre
tubep
tubep_v
wiping
wiping_a

@source:nintendo/
aleck64
blockfvr
cham24
cothello
dkong
dkong_a
dkong_v
famibox
mario
mmagic
multigam
n8080
n8080_a
nes_arcade_bl
nss
playch10
popeye
popeye_v
punchout
punchout_v
sfcbox
snesb
snesb51
spacefb
vsnes

@source:nmk/
cultures
ddealer
macrossp
nmk16
nmk16_v
nmkmedal
quizdna
quizpani

@source:novadesitec/
novadesitec_fr002
novadesitec_fr004
novadesitec_fr009

@source:olympia/
dday
lbeach
monzagp
portrait
vega

@source:omori/
battlex
carjmbre
popper
spaceg
yakyuken

@source:orca/
akazukin
espial
funkybee
kyugo
marineb
sub
vastar
vastar_viddev
zodiack

@source:pacific/
mrflea
thief

@source:pacman/
jrpacman
pacman
pacman_m
pacman_v
pengo

@source:phoenix/
naughtyb
naughtyb_v
phoenix
phoenix_a
phoenix_v
safarir

@source:playmark/
drtomy
playmark
playmark_v
powerbal
sderby
sslam
sslam_v

@source:promat/
1945kiii
3x3puzzl
gstream

@source:psikyo/
psikyo
psikyo4
psikyo4_v
psikyo_v
psikyosh
psikyosh_v

@source:rare/
btoads
kinst
xtheball

@source:recfranco/
rf51w14cg
rfjailbrk

@source:sanritsu/
appoooh
bankp
chinsan
drmicro
jantotsu
jongkyo
koikoi
mermaid
mermaid_v
mjkjidai
mrjong
ron
sprcros2

@source:sealy/
sealy_eagle
sealy_fr
sealy_m16c
sealy_z80

@source:sega/
angelkds
anyworks
blockade
calcune
chihiro
coolridr
dc_atomiswave
deniam
digamart
dotrikun
eshockey
flashbeats
fwheel
gpworld
hikaru
hshavoc
kopunch
lindbergh
megadriv_acbl
megadriv_sunmix
megadriv_ybox
megaplay
model1
model1_m
model1_v
model2
model2_m
model2_v
model3
model3_m
model3_v
monacogp
naomi
sderby2
segaatom
segac2
segacoin
segae
segag80r
segag80r_a
segag80r_v
segag80v
segag80v_v
segahang
segajw
segald
segaorun
segas16a
segas16b
segas16b_isgsm
segas16b_v
segas18
segas18_astormbl
segas18_v
segas24
segas32
segas32_m
segas32_v
segasm1
segasp
segattl
segaufo
segaufoh8
segaxbd
segaybd
sg1000a
sms_bootleg
speedbsk
stactics
stv
suprloco
system1
system16
system16_v
system1_v
timetrv
triforce
turbo
turbo_a
turbo_v
unkhockey
vicdual
vicdual_a
vicdual_v
winclub
y2
zaxxon
zaxxon_a
zaxxon_v

@source:seibu/
airraid
airraid_dev
banprestoms
banprestomsz80
bloodbro
bloodbro_ms
cabal
cabal_ms
darkmist
dcon
deadang
dynduke
feversoc
goal92
goodejan
kncljoe
legionna
legionna_v
metlfrzr
mustache
panicr
r2dx_v33
raiden
raiden2
raiden2_v
raiden_ms
seibucats
seibuspi
seibuspi_m
seibuspi_v
seicupbl
sengokmj
stfight
stfight_dev
toki
toki_ms
wiz

@source:seta/
albazc
albazg
champbwl
downtown
hanaawas
hanadojo
jclub2
kiwame
rmhaihai
seta
seta2
simple_st0016
speedatk
speglsht
srmp2
srmp5
srmp6
ssv
ssv_v
vsmjtria

@source:sigma/
nyny
r2dtank
sammymdl
sigma21
sigmab31
sigmab52
sigmab88
sigmab98
spiders
spiders_a

@source:snk/
bbusters
dmndrby
drderby
hng64
hng64_a
hng64_v
lasso
mainsnk
mechatt
miconkit
munchmo
prehisle
snk
snk6502
snk6502_a
snk6502_v
snk68
snk_bbusters_spr
snk_v

@source:stern/
astinvad
berzerk
cliffhgr
cliffhgr_a
mazerbla
supdrapo

@source:subsino/
lastfght
subsino
subsino2
subsino_crypt
subsino_io
subsino_kr_h8

@source:success/
big10
kurukuru
othello
skopro
sothello
tonton

@source:suna/
go2000
goindol
suna16
suna16_v
suna8
suna8_a
suna8_v

@source:sunelectronics/
arabian
blockch
dai3wksi
ikki
kangaroo
markham
route16
shangha3
shanghai

@source:sunwise/
anoworld
jankenmn
jankmg2

@source:taito/
2mindril
40love
40love_v
arkanoid
arkanoid_m
arkanoid_v
ashnojoe
asuka
bigevglf
bking
bublbobl
bublbobl_m
bublbobl_v
buggychl
capr1
caprcyc
cchance
chaknpop
changela
cpzodiac
crbaloon
crbaloon_a
crbaloon_v
cucaracha
cyclemb
darius
dinoking
exzisus
fgoal
flstory
galastrm
gladiatr
gladiatr_v
grchamp
grchamp_a
grchamp_v
groundfx
gsword
gsword_v
gunbustr
halleys
haplucky
heromem
invqix
jollyjgr
kikikai
ksayakyu
lgp
lkage
lsasquad
lsasquad_m
lsasquad_v
marinedt
minivadr
missb2
mlanding
msisaac
ninjaw
nycaptor
nycaptor_v
opwolf
othunder
othunder_v
pitnrun
pkspirit
qix
qix_a
qix_m
qix_v
rastan
rbisland
retofinv
rollrace
roundup
sbmjb
sbowling
slapshot
slapshot_v
spdheat
sspeedr
ssrj
superchs
superchs_v
superqix
superqix_v
suprridr
taito_b
taito_b_v
taito_f2
taito_f2_v
taito_f3
taito_f3_v
taito_h
taito_h_v
taito_l
taito_o
taito_x
taito_z
taito_z_v
taitoair
taitoair_v
taitojc
taitojc_v
taitopjc
taitosj
taitosj_m
taitosj_v
taitottl
taitotx
taitotz
tnzs
tnzs_video
topspeed
tsamurai
tsamurai_v
undrfire
undrfire_v
vicshoot
volfied
warriorb
wgp
wyvernf0

@source:tatsumi/
apache3
cyclwarr
kingdrby
lockon
lockon_v
roundup5
tx1
tx1_a
tx1_m
tx1_v

@source:tch/
kickgoal
littlerb
rltennis
speedspn
topdrive
wheelfir

@source:tecfri/
ambush
holeland
sauro
speedbal

@source:technos/
battlane
blockout
bogeyman
chinagat
ddragon
ddragon3
ddragon3_v
ddragon_ms
ddragon_v
dogfgt
matmania
mystston
renegade
shadfrce
spdodgeb
ssozumo
tagteam
vball
wwfsstar
xain
xain_v

@source:tecmo/
bombjack
gaiden
pbaction
senjyo
shadoww_ms
solomon
spbactn
tbowl
tecmo
tecmo16
tecmo_mix
tecmosys
tecmosys_m
tecmosys_v
tehkanwc
wc90
wc90b

@source:toaplan/
batsugun
dogyuun
dt7
enmadaio
fireshrk
fixeight
ghox
kbash
mjsister
pipibibi
raizing
raizing_batrider
rallybik
slapfght
slapfght_m
slapfght_ms
slapfght_v
snowbro2
sunwise
tekipaki
toaplan1
truxton2
twincobr
twincobr_m
twincobr_ms
twincobr_v
vfive
wardner

@source:unico/
drgnmst
drgnmst_v
goori
silkroad
unianapc
unico

@source:universal/
cheekyms
cheekyms_a
cosmic
cosmic_v
cosmicg
docastle
getaway
ladybug
ladybug_video
mrdo
mrdo_v
pachislo_z80
sraider
superdq
zerohour
zerohour_stars

@source:upl/
mouser
ninjakd2
ninjakd2_v
nova2001
nova2001_v
xxmissio

@source:valadon/
bagman
bagman_m
bagman_v
tankbust

@source:videogames/
looping
supertnk

@source:vsystem/
aerofgt
crshrace
f1gp
fromanc2
fromanc2_v
fromance
fromance_v
gstriker
inufuku
ojankohs
pipedrm
pspikes
pspikes_ms
rpunch
suprslam
tail2nos
taotaido
welltris

@source:yachiyo/
mole
ssingles
sstrangr

@source:yunsung/
nmg5
paradise
yunsun16
yunsung8

@source:zaccaria/
galaxia
laserbat
laserbat_a
laserbat_v
quasar
seabattl
zac1b1120
zaccaria
zaccaria_a

